node.exe : npm warn Unknown 
project config 
"shamefully-hoist". This 
will stop working in the 
next major version of npm.
Au caractère Ligne:1 : 1
+ & "C:\Program 
Files\nodejs/node.exe" "C:\Us
ers\micka\AppData\Roaming\ 
...
+ ~~~~~~~~~~~~~~~~~~~~~~~~~~~
~~~~~~~~~~~~~~~~~~~~~~~~~~~~~
~~~~~~~~~~~~~
    + CategoryInfo           
   : NotSpecified: (npm war  
  n Unknow...version of np   
 m.:String) [], RemoteExc    
eption
    + FullyQualifiedErrorId  
   : NativeCommandError
 
10:46:23 [ERROR] 
[astrowind-integration] An 
unhandled error occurred 
while running the 
"astro:config:setup" hook
bad indentation of a mapping 
entry (14:205)

 11 |  ... 
 12 |  ... 
 13 |  ... 
 14 |  ... it├®. Rejoignez 
des milliers d'apprenants 
sur ExcelWorkflow.'
-----------------------------
------------^
 15 |  ... 
 16 |  ... 
  Location:
    C:\Users\micka\Desktop\ex
celworflow\node_modules\js-ya
ml\dist\js-yaml.mjs:1273:10
  Stack trace:
    at generateError (file://
/C:/Users/micka/Desktop/excel
worflow/node_modules/js-yaml/
dist/js-yaml.mjs:1273:10)
    at readBlockMapping (file
:///C:/Users/micka/Desktop/ex
celworflow/node_modules/js-ya
ml/dist/js-yaml.mjs:2272:7)
    at readBlockMapping (file
:///C:/Users/micka/Desktop/ex
celworflow/node_modules/js-ya
ml/dist/js-yaml.mjs:2254:11)
    at readDocument (file:///
C:/Users/micka/Desktop/excelw
orflow/node_modules/js-yaml/d
ist/js-yaml.mjs:2715:3)
    at Object.load$1 [as 
load] (file:///C:/Users/micka
/Desktop/excelworflow/node_mo
dules/js-yaml/dist/js-yaml.mj
s:2804:19)
